[2021-04-05 17:40:35.087] [renderer1] [error] <semantic> TypeScript Server Error (4.2.3)
Debug Failure. Did not expect JsxSelfClosingElement to have an Identifier in its trivia
Error: Debug Failure. Did not expect JsxSelfClosingElement to have an Identifier in its trivia
    at addSyntheticNodes (/snap/code/60/usr/share/code/resources/app/extensions/node_modules/typescript/lib/tsserver.js:148121:30)
    at createChildren (/snap/code/60/usr/share/code/resources/app/extensions/node_modules/typescript/lib/tsserver.js:148110:9)
    at NodeObject.getChildren (/snap/code/60/usr/share/code/resources/app/extensions/node_modules/typescript/lib/tsserver.js:148054:56)
    at find (/snap/code/60/usr/share/code/resources/app/extensions/node_modules/typescript/lib/tsserver.js:115922:30)
    at find (/snap/code/60/usr/share/code/resources/app/extensions/node_modules/typescript/lib/tsserver.js:115956:32)
    at find (/snap/code/60/usr/share/code/resources/app/extensions/node_modules/typescript/lib/tsserver.js:115956:32)
    at find (/snap/code/60/usr/share/code/resources/app/extensions/node_modules/typescript/lib/tsserver.js:115956:32)
    at find (/snap/code/60/usr/share/code/resources/app/extensions/node_modules/typescript/lib/tsserver.js:115956:32)
    at find (/snap/code/60/usr/share/code/resources/app/extensions/node_modules/typescript/lib/tsserver.js:115956:32)
    at find (/snap/code/60/usr/share/code/resources/app/extensions/node_modules/typescript/lib/tsserver.js:115956:32)
    at find (/snap/code/60/usr/share/code/resources/app/extensions/node_modules/typescript/lib/tsserver.js:115956:32)
    at find (/snap/code/60/usr/share/code/resources/app/extensions/node_modules/typescript/lib/tsserver.js:115956:32)
    at find (/snap/code/60/usr/share/code/resources/app/extensions/node_modules/typescript/lib/tsserver.js:115956:32)
    at find (/snap/code/60/usr/share/code/resources/app/extensions/node_modules/typescript/lib/tsserver.js:115956:32)
    at find (/snap/code/60/usr/share/code/resources/app/extensions/node_modules/typescript/lib/tsserver.js:115956:32)
    at find (/snap/code/60/usr/share/code/resources/app/extensions/node_modules/typescript/lib/tsserver.js:115956:32)
    at find (/snap/code/60/usr/share/code/resources/app/extensions/node_modules/typescript/lib/tsserver.js:115956:32)
    at Object.findPrecedingToken (/snap/code/60/usr/share/code/resources/app/extensions/node_modules/typescript/lib/tsserver.js:115915:22)
    at Object.getCompletionsAtPosition (/snap/code/60/usr/share/code/resources/app/extensions/node_modules/typescript/lib/tsserver.js:119615:35)
    at Proxy.getCompletionsAtPosition (/snap/code/60/usr/share/code/resources/app/extensions/node_modules/typescript/lib/tsserver.js:149234:35)
    at IOSession.Session.getCompletions (/snap/code/60/usr/share/code/resources/app/extensions/node_modules/typescript/lib/tsserver.js:160329:64)
    at Session.handlers.ts.Map.ts.getEntries._a.<computed> (/snap/code/60/usr/share/code/resources/app/extensions/node_modules/typescript/lib/tsserver.js:159208:61)
    at /snap/code/60/usr/share/code/resources/app/extensions/node_modules/typescript/lib/tsserver.js:160963:88
    at IOSession.Session.executeWithRequestId (/snap/code/60/usr/share/code/resources/app/extensions/node_modules/typescript/lib/tsserver.js:160954:28)
    at IOSession.Session.executeCommand (/snap/code/60/usr/share/code/resources/app/extensions/node_modules/typescript/lib/tsserver.js:160963:33)
    at IOSession.Session.onMessage (/snap/code/60/usr/share/code/resources/app/extensions/node_modules/typescript/lib/tsserver.js:160989:35)
    at Interface.<anonymous> (/snap/code/60/usr/share/code/resources/app/extensions/node_modules/typescript/lib/tsserver.js:163650:31)
    at Interface.emit (events.js:315:20)
    at Interface._onLine (readline.js:329:10)
    at Interface._normalWrite (readline.js:474:12)
    at Socket.ondata (readline.js:186:10)
    at Socket.emit (events.js:315:20)
    at addChunk (_stream_readable.js:295:12)
    at readableAddChunk (_stream_readable.js:271:9)
    at Socket.Readable.push (_stream_readable.js:212:10)
    at Pipe.onStreamRead (internal/stream_base_commons.js:186:23): Error: <semantic> TypeScript Server Error (4.2.3)
Debug Failure. Did not expect JsxSelfClosingElement to have an Identifier in its trivia
Error: Debug Failure. Did not expect JsxSelfClosingElement to have an Identifier in its trivia
    at addSyntheticNodes (/snap/code/60/usr/share/code/resources/app/extensions/node_modules/typescript/lib/tsserver.js:148121:30)
    at createChildren (/snap/code/60/usr/share/code/resources/app/extensions/node_modules/typescript/lib/tsserver.js:148110:9)
    at NodeObject.getChildren (/snap/code/60/usr/share/code/resources/app/extensions/node_modules/typescript/lib/tsserver.js:148054:56)
    at find (/snap/code/60/usr/share/code/resources/app/extensions/node_modules/typescript/lib/tsserver.js:115922:30)
    at find (/snap/code/60/usr/share/code/resources/app/extensions/node_modules/typescript/lib/tsserver.js:115956:32)
    at find (/snap/code/60/usr/share/code/resources/app/extensions/node_modules/typescript/lib/tsserver.js:115956:32)
    at find (/snap/code/60/usr/share/code/resources/app/extensions/node_modules/typescript/lib/tsserver.js:115956:32)
    at find (/snap/code/60/usr/share/code/resources/app/extensions/node_modules/typescript/lib/tsserver.js:115956:32)
    at find (/snap/code/60/usr/share/code/resources/app/extensions/node_modules/typescript/lib/tsserver.js:115956:32)
    at find (/snap/code/60/usr/share/code/resources/app/extensions/node_modules/typescript/lib/tsserver.js:115956:32)
    at find (/snap/code/60/usr/share/code/resources/app/extensions/node_modules/typescript/lib/tsserver.js:115956:32)
    at find (/snap/code/60/usr/share/code/resources/app/extensions/node_modules/typescript/lib/tsserver.js:115956:32)
    at find (/snap/code/60/usr/share/code/resources/app/extensions/node_modules/typescript/lib/tsserver.js:115956:32)
    at find (/snap/code/60/usr/share/code/resources/app/extensions/node_modules/typescript/lib/tsserver.js:115956:32)
    at find (/snap/code/60/usr/share/code/resources/app/extensions/node_modules/typescript/lib/tsserver.js:115956:32)
    at find (/snap/code/60/usr/share/code/resources/app/extensions/node_modules/typescript/lib/tsserver.js:115956:32)
    at find (/snap/code/60/usr/share/code/resources/app/extensions/node_modules/typescript/lib/tsserver.js:115956:32)
    at Object.findPrecedingToken (/snap/code/60/usr/share/code/resources/app/extensions/node_modules/typescript/lib/tsserver.js:115915:22)
    at Object.getCompletionsAtPosition (/snap/code/60/usr/share/code/resources/app/extensions/node_modules/typescript/lib/tsserver.js:119615:35)
    at Proxy.getCompletionsAtPosition (/snap/code/60/usr/share/code/resources/app/extensions/node_modules/typescript/lib/tsserver.js:149234:35)
    at IOSession.Session.getCompletions (/snap/code/60/usr/share/code/resources/app/extensions/node_modules/typescript/lib/tsserver.js:160329:64)
    at Session.handlers.ts.Map.ts.getEntries._a.<computed> (/snap/code/60/usr/share/code/resources/app/extensions/node_modules/typescript/lib/tsserver.js:159208:61)
    at /snap/code/60/usr/share/code/resources/app/extensions/node_modules/typescript/lib/tsserver.js:160963:88
    at IOSession.Session.executeWithRequestId (/snap/code/60/usr/share/code/resources/app/extensions/node_modules/typescript/lib/tsserver.js:160954:28)
    at IOSession.Session.executeCommand (/snap/code/60/usr/share/code/resources/app/extensions/node_modules/typescript/lib/tsserver.js:160963:33)
    at IOSession.Session.onMessage (/snap/code/60/usr/share/code/resources/app/extensions/node_modules/typescript/lib/tsserver.js:160989:35)
    at Interface.<anonymous> (/snap/code/60/usr/share/code/resources/app/extensions/node_modules/typescript/lib/tsserver.js:163650:31)
    at Interface.emit (events.js:315:20)
    at Interface._onLine (readline.js:329:10)
    at Interface._normalWrite (readline.js:474:12)
    at Socket.ondata (readline.js:186:10)
    at Socket.emit (events.js:315:20)
    at addChunk (_stream_readable.js:295:12)
    at readableAddChunk (_stream_readable.js:271:9)
    at Socket.Readable.push (_stream_readable.js:212:10)
    at Pipe.onStreamRead (internal/stream_base_commons.js:186:23)
	at Function.create (/snap/code/60/usr/share/code/resources/app/extensions/typescript-language-features/dist/extension.js:1:70135)
	at dispatchResponse (/snap/code/60/usr/share/code/resources/app/extensions/typescript-language-features/dist/extension.js:1:64010)
	at dispatchMessage (/snap/code/60/usr/share/code/resources/app/extensions/typescript-language-features/dist/extension.js:1:62869)
	at /snap/code/60/usr/share/code/resources/app/extensions/typescript-language-features/dist/extension.js:1:62379
	at _.fire (/snap/code/60/usr/share/code/resources/app/out/vs/workbench/services/extensions/node/extensionHostProcess.js:57:1836)
	at g.onLengthData (/snap/code/60/usr/share/code/resources/app/extensions/typescript-language-features/dist/extension.js:1:431342)
	at Socket.<anonymous> (/snap/code/60/usr/share/code/resources/app/extensions/typescript-language-features/dist/extension.js:1:430990)
	at Socket.emit (events.js:315:20)
	at addChunk (_stream_readable.js:295:12)
	at readableAddChunk (_stream_readable.js:271:9)
	at Socket.Readable.push (_stream_readable.js:212:10)
	at Pipe.onStreamRead (internal/stream_base_commons.js:186:23)
