[2021-06-30 11:29:25.380] [renderer1] [error] <semantic> TypeScript Server Error (4.3.2)
Debug Failure. False expression: `JsxText` tokens should not be the first child of `JsxElement | JsxSelfClosingElement`
Error: Debug Failure. False expression: `JsxText` tokens should not be the first child of `JsxElement | JsxSelfClosingElement`
    at findRightmostChildNodeWithTokens (/snap/code/67/usr/share/code/resources/app/extensions/node_modules/typescript/lib/tsserver.js:119188:26)
    at find (/snap/code/67/usr/share/code/resources/app/extensions/node_modules/typescript/lib/tsserver.js:119162:29)
    at findPrecedingToken (/snap/code/67/usr/share/code/resources/app/extensions/node_modules/typescript/lib/tsserver.js:119112:22)
    at getTokenAtPositionWorker (/snap/code/67/usr/share/code/resources/app/extensions/node_modules/typescript/lib/tsserver.js:119047:41)
    at getTouchingToken (/snap/code/67/usr/share/code/resources/app/extensions/node_modules/typescript/lib/tsserver.js:119021:16)
    at Object.getTouchingPropertyName (/snap/code/67/usr/share/code/resources/app/extensions/node_modules/typescript/lib/tsserver.js:119013:16)
    at Proxy.getQuickInfoAtPosition (/snap/code/67/usr/share/code/resources/app/extensions/node_modules/typescript/lib/tsserver.js:153375:27)
    at IOSession.Session.getQuickInfoWorker (/snap/code/67/usr/share/code/resources/app/extensions/node_modules/typescript/lib/tsserver.js:164453:62)
    at Session.handlers.ts.Map.ts.getEntries._a.<computed> (/snap/code/67/usr/share/code/resources/app/extensions/node_modules/typescript/lib/tsserver.js:163363:61)
    at /snap/code/67/usr/share/code/resources/app/extensions/node_modules/typescript/lib/tsserver.js:165205:88
    at IOSession.Session.executeWithRequestId (/snap/code/67/usr/share/code/resources/app/extensions/node_modules/typescript/lib/tsserver.js:165196:28)
    at IOSession.Session.executeCommand (/snap/code/67/usr/share/code/resources/app/extensions/node_modules/typescript/lib/tsserver.js:165205:33)
    at IOSession.Session.onMessage (/snap/code/67/usr/share/code/resources/app/extensions/node_modules/typescript/lib/tsserver.js:165231:35)
    at Interface.<anonymous> (/snap/code/67/usr/share/code/resources/app/extensions/node_modules/typescript/lib/tsserver.js:167833:31)
    at Interface.emit (events.js:315:20)
    at Interface._onLine (readline.js:337:10)
    at Interface._normalWrite (readline.js:482:12)
    at Socket.ondata (readline.js:194:10)
    at Socket.emit (events.js:315:20)
    at addChunk (internal/streams/readable.js:309:12)
    at readableAddChunk (internal/streams/readable.js:284:9)
    at Socket.Readable.push (internal/streams/readable.js:223:10)
    at Pipe.onStreamRead (internal/stream_base_commons.js:188:23): Error: <semantic> TypeScript Server Error (4.3.2)
Debug Failure. False expression: `JsxText` tokens should not be the first child of `JsxElement | JsxSelfClosingElement`
Error: Debug Failure. False expression: `JsxText` tokens should not be the first child of `JsxElement | JsxSelfClosingElement`
    at findRightmostChildNodeWithTokens (/snap/code/67/usr/share/code/resources/app/extensions/node_modules/typescript/lib/tsserver.js:119188:26)
    at find (/snap/code/67/usr/share/code/resources/app/extensions/node_modules/typescript/lib/tsserver.js:119162:29)
    at findPrecedingToken (/snap/code/67/usr/share/code/resources/app/extensions/node_modules/typescript/lib/tsserver.js:119112:22)
    at getTokenAtPositionWorker (/snap/code/67/usr/share/code/resources/app/extensions/node_modules/typescript/lib/tsserver.js:119047:41)
    at getTouchingToken (/snap/code/67/usr/share/code/resources/app/extensions/node_modules/typescript/lib/tsserver.js:119021:16)
    at Object.getTouchingPropertyName (/snap/code/67/usr/share/code/resources/app/extensions/node_modules/typescript/lib/tsserver.js:119013:16)
    at Proxy.getQuickInfoAtPosition (/snap/code/67/usr/share/code/resources/app/extensions/node_modules/typescript/lib/tsserver.js:153375:27)
    at IOSession.Session.getQuickInfoWorker (/snap/code/67/usr/share/code/resources/app/extensions/node_modules/typescript/lib/tsserver.js:164453:62)
    at Session.handlers.ts.Map.ts.getEntries._a.<computed> (/snap/code/67/usr/share/code/resources/app/extensions/node_modules/typescript/lib/tsserver.js:163363:61)
    at /snap/code/67/usr/share/code/resources/app/extensions/node_modules/typescript/lib/tsserver.js:165205:88
    at IOSession.Session.executeWithRequestId (/snap/code/67/usr/share/code/resources/app/extensions/node_modules/typescript/lib/tsserver.js:165196:28)
    at IOSession.Session.executeCommand (/snap/code/67/usr/share/code/resources/app/extensions/node_modules/typescript/lib/tsserver.js:165205:33)
    at IOSession.Session.onMessage (/snap/code/67/usr/share/code/resources/app/extensions/node_modules/typescript/lib/tsserver.js:165231:35)
    at Interface.<anonymous> (/snap/code/67/usr/share/code/resources/app/extensions/node_modules/typescript/lib/tsserver.js:167833:31)
    at Interface.emit (events.js:315:20)
    at Interface._onLine (readline.js:337:10)
    at Interface._normalWrite (readline.js:482:12)
    at Socket.ondata (readline.js:194:10)
    at Socket.emit (events.js:315:20)
    at addChunk (internal/streams/readable.js:309:12)
    at readableAddChunk (internal/streams/readable.js:284:9)
    at Socket.Readable.push (internal/streams/readable.js:223:10)
    at Pipe.onStreamRead (internal/stream_base_commons.js:188:23)
	at Function.create (/snap/code/67/usr/share/code/resources/app/extensions/typescript-language-features/dist/extension.js:1:75687)
	at dispatchResponse (/snap/code/67/usr/share/code/resources/app/extensions/typescript-language-features/dist/extension.js:1:69551)
	at dispatchMessage (/snap/code/67/usr/share/code/resources/app/extensions/typescript-language-features/dist/extension.js:1:68410)
	at /snap/code/67/usr/share/code/resources/app/extensions/typescript-language-features/dist/extension.js:1:67920
	at l.fire (/snap/code/67/usr/share/code/resources/app/out/vs/workbench/services/extensions/node/extensionHostProcess.js:57:1835)
	at g.onLengthData (/snap/code/67/usr/share/code/resources/app/extensions/typescript-language-features/dist/extension.js:1:434282)
	at Socket.<anonymous> (/snap/code/67/usr/share/code/resources/app/extensions/typescript-language-features/dist/extension.js:1:433930)
	at Socket.emit (events.js:315:20)
	at addChunk (internal/streams/readable.js:309:12)
	at readableAddChunk (internal/streams/readable.js:284:9)
	at Socket.Readable.push (internal/streams/readable.js:223:10)
	at Pipe.onStreamRead (internal/stream_base_commons.js:188:23)
